// Jest Snapshot v1, https://goo.gl/fbAQLP

exports[`<Signup /> matches snapshot 1`] = `
<div>
  <h1
    className="sc-bdfBwQ kmRABv"
  >
    sign up!
  </h1>
  <div
    className="styles__Description-emvDpe hIumWL"
  >
    <div
      className="sc-gsTCUz cCQKqw"
    >
      <h3>
        Email
      </h3>
      <input
        data-testid="emailInput"
        onChange={[Function]}
        onKeyDown={[Function]}
      />
      <h3>
        Username
      </h3>
      <input
        data-testid="usernameInput"
        onChange={[Function]}
        onKeyDown={[Function]}
        style={null}
        value=""
      />
    </div>
    <div
      className="sc-gsTCUz cCQKqw"
    >
      <h3>
        Password
      </h3>
      <input
        data-testid="passwordInput"
        onChange={[Function]}
        onKeyDown={[Function]}
        type="password"
        value=""
      />
      <h3>
        Confirm Password
      </h3>
      <input
        data-testid="passwordConfirmInput"
        onChange={[Function]}
        onKeyDown={[Function]}
        type="password"
        value=""
      />
    </div>
    <p
      className="styles__P-dIaYsU fltiwN"
    >
      Your password must be at least eight characters long
    </p>
    <span
      style={
        Object {
          "bottom": "8px",
          "position": "relative",
        }
      }
    >
      I agree to the 
      <span>
        TOS MOCK
      </span>
       and 
      <span>
        PRIVACY POLICY MOCK
      </span>
    </span>
    <input
      className="styles__Input-lbDPrm fzsTeW"
      data-testid="tosCheckbox"
      id="tos"
      onClick={[Function]}
      type="checkbox"
    />
    <button
      className="styles__Button-dyjLXS sc-hKgILt LXcou cgUWKs"
      data-testid="submit"
      onClick={[Function]}
    >
      Sign Up
    </button>
    <a
      href="/login"
      onClick={[Function]}
    >
      <button
        className="styles__Button-dyjLXS LXcou"
      >
        Already have an account? Login here!
      </button>
    </a>
  </div>
</div>
`;
