// Jest Snapshot v1, https://goo.gl/fbAQLP

exports[`<Signup /> matches snapshot 1`] = `
<div
  className="styles__Div-dRMJGn JTCPu"
>
  <h1
    className="sc-dlfnbm enZwIY"
  >
    sign up!
  </h1>
  <div
    className="styles__Description-emvDpe hbbDYw"
  >
    <form
      className="sc-hKgILt jEtSiU"
      data-testid="signupForm"
      onSubmit={[Function]}
    >
      <div
        className="styles__Div-dRMJGn JTCPu"
      >
        <label
          className="styles__Label-fjhDua bsFPVU"
          htmlFor="email"
        >
          Email
        </label>
        <input
          autoComplete="email"
          className="styles__Input-lbDPrm knTHdq"
          data-testid="emailInput"
          id="email"
          onChange={[Function]}
        />
        <label
          className="styles__Label-fjhDua bsFPVU"
          htmlFor="username"
        >
          Username
        </label>
        <input
          autoComplete="username"
          className="styles__Input-lbDPrm knTHdq"
          data-testid="usernameInput"
          id="username"
          onChange={[Function]}
          style={null}
          value=""
        />
      </div>
      <div
        className="styles__Div-dRMJGn JTCPu"
      >
        <label
          className="styles__Label-fjhDua bsFPVU"
          htmlFor="password"
        >
          Password
        </label>
        <input
          autoComplete="new-password"
          className="styles__Input-lbDPrm knTHdq"
          data-testid="passwordInput"
          id="password"
          onChange={[Function]}
          style={null}
          type="password"
          value=""
        />
        <label
          className="styles__Label-fjhDua bsFPVU"
          htmlFor="confirm password"
        >
          Confirm Password
        </label>
        <input
          autoComplete="new-password"
          className="styles__Input-lbDPrm knTHdq"
          data-testid="passwordConfirmInput"
          id="confirm password"
          onChange={[Function]}
          style={null}
          type="password"
          value=""
        />
      </div>
      <div
        className="styles__Div-dRMJGn JTCPu"
      >
        <ul
          className="sc-bdfBwQ eeDijd"
        >
          <li
            className="styles__P-dIaYsU hrjpGi"
          >
            Username does not contain any spaces
          </li>
          <li
            className="styles__P-dIaYsU kxTZyV"
          >
            Your password must be at least eight characters long
          </li>
        </ul>
        <p
          className="styles__P-dIaYsU kxTZyV"
        >
          <span
            className="sc-gsTCUz eDenOA"
          >
            I agree to the 
            <span>
              TOS MOCK
            </span>
             and 
            <span>
              PRIVACY POLICY MOCK
            </span>
                
          </span>
          <input
            className="styles__Input-lbDPrm knTHdq"
            data-testid="tosCheckbox"
            id="tos"
            onClick={[Function]}
            type="checkbox"
          />
        </p>
        <div
          className="styles__Div-dRMJGn JTCPu"
        >
          <Input
            className="styles__Button-dyjLXS sc-eCssSg lpemWd jgILBz"
            type="submit"
            value="Sign Up"
          />
        </div>
        <div
          className="styles__Div-dRMJGn JTCPu"
        >
          <a
            href="/login"
            onClick={[Function]}
          >
            <button
              className="styles__Button-dyjLXS lpemWd"
            >
              Already have an account? Login here!
            </button>
          </a>
        </div>
      </div>
    </form>
  </div>
</div>
`;
