// Jest Snapshot v1, https://goo.gl/fbAQLP

exports[`<Signup /> matches snapshot 1`] = `
<div>
  <h1
    className="sc-gsTCUz fQZbwX"
  >
    sign up!
  </h1>
  <div
    className="styles__Description-emvDpe hIumWL"
  >
    <form
      className="sc-dlfnbm fskUme"
      data-testid="signupForm"
      onSubmit={[Function]}
    >
      <div>
        <h3>
          Email
        </h3>
        <input
          data-testid="emailInput"
          onChange={[Function]}
        />
        <h3>
          Username
        </h3>
        <input
          data-testid="usernameInput"
          onChange={[Function]}
          style={null}
          value=""
        />
      </div>
      <div>
        <h3>
          Password
        </h3>
        <input
          data-testid="passwordInput"
          onChange={[Function]}
          type="password"
          value=""
        />
        <h3>
          Confirm Password
        </h3>
        <input
          data-testid="passwordConfirmInput"
          onChange={[Function]}
          type="password"
          value=""
        />
      </div>
      <div>
        <ul
          className="sc-hKgILt jtNpxQ"
        >
          <li
            className="styles__P-dIaYsU kxTZyV"
          >
            Your password must be at least eight characters long
          </li>
        </ul>
        <p
          className="styles__P-dIaYsU kxTZyV"
        >
          <span
            className="sc-bdfBwQ eFmiac"
          >
            I agree to the 
            <span>
              TOS MOCK
            </span>
             and 
            <span>
              PRIVACY POLICY MOCK
            </span>
                
          </span>
          <input
            className="styles__Input-lbDPrm fzsTeW"
            data-testid="tosCheckbox"
            id="tos"
            onClick={[Function]}
            type="checkbox"
          />
        </p>
        <div>
          <input
            className="styles__Button-dyjLXS sc-eCssSg LXcou jgILBz"
            type="submit"
            value="Sign Up"
          />
        </div>
        <div>
          <a
            href="/login"
            onClick={[Function]}
          >
            <button
              className="styles__Button-dyjLXS LXcou"
            >
              Already have an account? Login here!
            </button>
          </a>
        </div>
      </div>
    </form>
  </div>
</div>
`;
