// Jest Snapshot v1, https://goo.gl/fbAQLP

exports[`matches snapshot 1`] = `
<div
  className="sc-hBUSln fImcaf"
>
  <div
    className="sc-jrQzAO hXNJhD"
  >
    <div
      className="sc-kDTinF gxaSrF"
    >
      <span
        className="icon__Span-jtAnmM hdIWuO"
      >
        👍
      </span>
    </div>
    <div
      className="sc-iqseJM eRWHHy"
    >
      <p
        className="sc-crHmcD iamiDq"
      >
        <b>
          Janice
        </b>
         reacted to 
        <b>
          's
        </b>
         song
      </p>
    </div>
    <svg
      className="song_preview__StyledPreview-jHaJfe dWRfuI"
      viewBox="0 0 100 100"
    />
  </div>
  <div
    className="sc-jrQzAO hXNJhD"
  >
    <div
      className="sc-kDTinF gxaSrF"
    >
      <span
        className="icon__Span-jtAnmM hdIWuO"
      >
        ❤️
      </span>
    </div>
    <div
      className="sc-iqseJM eRWHHy"
    >
      <p
        className="sc-crHmcD iamiDq"
      >
        <b>
          James
        </b>
         reacted to 
        <b>
          's
        </b>
         song
      </p>
    </div>
    <svg
      className="song_preview__StyledPreview-jHaJfe dWRfuI"
      viewBox="0 0 100 100"
    />
  </div>
  <div
    className="sc-jrQzAO hXNJhD"
  >
    <div
      className="sc-kDTinF gxaSrF"
    >
      <span
        className="icon__Span-jtAnmM hdIWuO"
      >
        ⭐️
      </span>
    </div>
    <div
      className="sc-iqseJM eRWHHy"
    >
      <p
        className="sc-crHmcD iamiDq"
      >
        <b>
          Asaun
        </b>
         reacted to 
        <b>
          's
        </b>
         song
      </p>
    </div>
    <svg
      className="song_preview__StyledPreview-jHaJfe dWRfuI"
      viewBox="0 0 100 100"
    />
  </div>
  <div
    className="sc-jrQzAO hXNJhD"
  >
    <div
      className="sc-kDTinF gxaSrF"
    >
      <span
        className="icon__Span-jtAnmM hdIWuO"
      >
        ✍️
      </span>
    </div>
    <div
      className="sc-egiyK eBkXXI"
    >
      <h4
        className="styles__H4-ggNKob sc-bqiRlB  jwZRcp"
      >
        <b>
          Mike
        </b>
         commented on 
        <b>
          's
        </b>
         song
      </h4>
      <p
        className="sc-ksdxgE jaTWeS"
      >
        Wohoo! 😁 😁
      </p>
    </div>
    <svg
      className="song_preview__StyledPreview-jHaJfe dWRfuI"
      viewBox="0 0 100 100"
    />
    <form
      className="sc-dkPtRN kcqSvI"
      onSubmit={[Function]}
    >
      <label
        className="sc-hKwDye flycie"
        htmlFor="approve"
      >
        Approve Comment?
      </label>
      <input
        className="styles__Button-dxTRlh sc-eCImPb kfFcsh hudTDY"
        id="approve"
        type="submit"
        value="Approve"
      />
    </form>
  </div>
  <div
    className="sc-jrQzAO hXNJhD"
  >
    <div
      className="sc-kDTinF gxaSrF"
    >
      <span
        className="icon__Span-jtAnmM hdIWuO"
      >
        ❤️
      </span>
    </div>
    <div
      className="sc-iqseJM eRWHHy"
    >
      <p
        className="sc-crHmcD iamiDq"
      >
        <b>
          Janice
        </b>
         reacted to 
        <b>
          's
        </b>
         song
      </p>
    </div>
    <svg
      className="song_preview__StyledPreview-jHaJfe dWRfuI"
      viewBox="0 0 100 100"
    />
  </div>
  <div
    className="sc-jrQzAO hXNJhD"
  >
    <div
      className="sc-kDTinF gxaSrF"
    >
      <span
        className="icon__Span-jtAnmM hdIWuO"
      >
        ✍️
      </span>
    </div>
    <div
      className="sc-egiyK eBkXXI"
    >
      <h4
        className="styles__H4-ggNKob sc-bqiRlB  jwZRcp"
      >
        <b>
          Amir
        </b>
         commented on 
        <b>
          's
        </b>
         song
      </h4>
      <p
        className="sc-ksdxgE jaTWeS"
      >
        Good stuff my guy
      </p>
    </div>
    <svg
      className="song_preview__StyledPreview-jHaJfe dWRfuI"
      viewBox="0 0 100 100"
    />
  </div>
  <div
    className="sc-jrQzAO hXNJhD"
  >
    <div
      className="sc-kDTinF gxaSrF"
    >
      <span
        className="icon__Span-jtAnmM hdIWuO"
      >
        ❤️
      </span>
    </div>
    <div
      className="sc-iqseJM eRWHHy"
    >
      <p
        className="sc-crHmcD iamiDq"
      >
        <b>
          Janice
        </b>
         reacted to 
        <b>
          's
        </b>
         song
      </p>
    </div>
    <svg
      className="song_preview__StyledPreview-jHaJfe dWRfuI"
      viewBox="0 0 100 100"
    />
  </div>
  <div
    className="sc-jrQzAO hXNJhD"
  >
    <div
      className="sc-kDTinF gxaSrF"
    >
      <span
        className="icon__Span-jtAnmM hdIWuO"
      >
        ✍️
      </span>
    </div>
    <div
      className="sc-egiyK eBkXXI"
    >
      <h4
        className="styles__H4-ggNKob sc-bqiRlB  jwZRcp"
      >
        <b>
          Amir
        </b>
         commented on 
        <b>
          's
        </b>
         song
      </h4>
      <p
        className="sc-ksdxgE jaTWeS"
      >
        Good stuff my guy
      </p>
    </div>
    <svg
      className="song_preview__StyledPreview-jHaJfe dWRfuI"
      viewBox="0 0 100 100"
    />
  </div>
  <div
    className="sc-jrQzAO hXNJhD"
  >
    <div
      className="sc-kDTinF gxaSrF"
    >
      <span
        className="icon__Span-jtAnmM hdIWuO"
      >
        ❤️
      </span>
    </div>
    <div
      className="sc-iqseJM eRWHHy"
    >
      <p
        className="sc-crHmcD iamiDq"
      >
        <b>
          Janice
        </b>
         reacted to 
        <b>
          's
        </b>
         song
      </p>
    </div>
    <svg
      className="song_preview__StyledPreview-jHaJfe dWRfuI"
      viewBox="0 0 100 100"
    />
  </div>
  <div
    className="sc-jrQzAO hXNJhD"
  >
    <div
      className="sc-kDTinF gxaSrF"
    >
      <span
        className="icon__Span-jtAnmM hdIWuO"
      >
        ✍️
      </span>
    </div>
    <div
      className="sc-egiyK eBkXXI"
    >
      <h4
        className="styles__H4-ggNKob sc-bqiRlB  jwZRcp"
      >
        <b>
          Shawn
        </b>
         commented on 
        <b>
          's
        </b>
         song
      </h4>
      <p
        className="sc-ksdxgE jaTWeS"
      >
        That is all fine and good, but did you think about what would happen if you ended up with a really, really long comment in here?
      </p>
    </div>
    <svg
      className="song_preview__StyledPreview-jHaJfe dWRfuI"
      viewBox="0 0 100 100"
    />
    <form
      className="sc-dkPtRN kcqSvI"
      onSubmit={[Function]}
    >
      <label
        className="sc-hKwDye flycie"
        htmlFor="approve"
      >
        Approve Comment?
      </label>
      <input
        className="styles__Button-dxTRlh sc-eCImPb kfFcsh hudTDY"
        id="approve"
        type="submit"
        value="Approve"
      />
    </form>
  </div>
  <div
    className="sc-jrQzAO hXNJhD"
  >
    <div
      className="sc-kDTinF gxaSrF"
    >
      <span
        className="icon__Span-jtAnmM hdIWuO"
      >
        ❤️
      </span>
    </div>
    <div
      className="sc-iqseJM eRWHHy"
    >
      <p
        className="sc-crHmcD iamiDq"
      >
        <b>
          Janice
        </b>
         reacted to 
        <b>
          's
        </b>
         song
      </p>
    </div>
    <svg
      className="song_preview__StyledPreview-jHaJfe dWRfuI"
      viewBox="0 0 100 100"
    />
  </div>
  <div
    className="sc-jrQzAO hXNJhD"
  >
    <div
      className="sc-kDTinF gxaSrF"
    >
      <span
        className="icon__Span-jtAnmM hdIWuO"
      >
        ✍️
      </span>
    </div>
    <div
      className="sc-egiyK eBkXXI"
    >
      <h4
        className="styles__H4-ggNKob sc-bqiRlB  jwZRcp"
      >
        <b>
          Amir
        </b>
         commented on 
        <b>
          's
        </b>
         song
      </h4>
      <p
        className="sc-ksdxgE jaTWeS"
      >
        Good stuff my guy
      </p>
    </div>
    <svg
      className="song_preview__StyledPreview-jHaJfe dWRfuI"
      viewBox="0 0 100 100"
    />
    <form
      className="sc-dkPtRN kcqSvI"
      onSubmit={[Function]}
    >
      <label
        className="sc-hKwDye flycie"
        htmlFor="approve"
      >
        Approve Comment?
      </label>
      <input
        className="styles__Button-dxTRlh sc-eCImPb kfFcsh hudTDY"
        id="approve"
        type="submit"
        value="Approve"
      />
    </form>
  </div>
</div>
`;
