// Jest Snapshot v1, https://goo.gl/fbAQLP

exports[`snapshot 1`] = `
<div
  className="styles__Div-dRMJGn sc-gKsewC JTCPu grUsPx"
  id="gallery"
>
  <a
    href="#gallery_top"
  >
    <h2
      className="styles__H2-gHnQoK sc-iBPRYJ WCTOC iOHtIK"
      id={
        Array [
          "A Group of Marks",
        ]
      }
    >
      A Group of Marks
    </h2>
    <br />
    <span
      className="sc-fubCfw dzwkg"
    >
      ☟
    </span>
  </a>
  <ul
    className="sc-jSgupP golRvT"
  >
    <div
      className="styles__Div-dRMJGn sc-bdfBwQ JTCPu eoYFXm"
    >
      <div
        className="styles__Div-dRMJGn sc-eCssSg JTCPu dIYszq"
        height="103px"
        width="300px"
      >
        <a
          href="https://musiclab.chromeexperiments.com/Song-Maker/song/5676759593254912"
          rel="noopner noreferrer"
          target="_blank"
        >
          <svg
            className="sc-gsTCUz iMejqd"
            viewBox="0 0 300 103"
            xmlns="https://www.w3.org/2000/svg"
          >
            <text
              className="sc-dlfnbm ikVBss"
              dominantBaseline="middle"
              textAnchor="middle"
              x="50%"
              y="50%"
            >
              Mark J.
            </text>
          </svg>
        </a>
      </div>
    </div>
    <div
      className="styles__Div-dRMJGn sc-bdfBwQ JTCPu eoYFXm"
    >
      <div
        className="styles__Div-dRMJGn sc-eCssSg JTCPu dIYszq"
        height="103px"
        width="300px"
      >
        <a
          href="https://musiclab.chromeexperiments.com/Song-Maker/song/5676759593254912"
          rel="noopner noreferrer"
          target="_blank"
        >
          <svg
            className="sc-gsTCUz iMejqd"
            viewBox="0 0 300 103"
            xmlns="https://www.w3.org/2000/svg"
          >
            <text
              className="sc-dlfnbm ikVBss"
              dominantBaseline="middle"
              textAnchor="middle"
              x="50%"
              y="50%"
            >
              Mark J.
            </text>
          </svg>
        </a>
      </div>
    </div>
    <div
      className="styles__Div-dRMJGn sc-bdfBwQ JTCPu eoYFXm"
    >
      <div
        className="styles__Div-dRMJGn sc-eCssSg JTCPu dIYszq"
        height="103px"
        width="300px"
      >
        <a
          href="https://musiclab.chromeexperiments.com/Song-Maker/song/5676759593254912"
          rel="noopner noreferrer"
          target="_blank"
        >
          <svg
            className="sc-gsTCUz iMejqd"
            viewBox="0 0 300 103"
            xmlns="https://www.w3.org/2000/svg"
          >
            <text
              className="sc-dlfnbm ikVBss"
              dominantBaseline="middle"
              textAnchor="middle"
              x="50%"
              y="50%"
            >
              Mark J.
            </text>
          </svg>
        </a>
      </div>
    </div>
    <div
      className="styles__Div-dRMJGn sc-bdfBwQ JTCPu eoYFXm"
    >
      <div
        className="styles__Div-dRMJGn sc-eCssSg JTCPu dIYszq"
        height="103px"
        width="300px"
      >
        <a
          href="https://musiclab.chromeexperiments.com/Song-Maker/song/5676759593254912"
          rel="noopner noreferrer"
          target="_blank"
        >
          <svg
            className="sc-gsTCUz iMejqd"
            viewBox="0 0 300 103"
            xmlns="https://www.w3.org/2000/svg"
          >
            <text
              className="sc-dlfnbm ikVBss"
              dominantBaseline="middle"
              textAnchor="middle"
              x="50%"
              y="50%"
            >
              Mark J.
            </text>
          </svg>
        </a>
      </div>
    </div>
  </ul>
</div>
`;
